// Jest Snapshot v1, https://goo.gl/fbAQLP

exports[`<TextAreaInput /> should render without errors 1`] = `
Object {
  "asFragment": [Function],
  "baseElement": <body>
    <div>
      <div
        class="sc-AxjAm sc-AxirZ kOZIao"
        data-form="textarea"
        data-testid="component-text-area-wrapper"
      >
        <label
          class="content"
          data-testid="component-text-area-label"
          for="text-area-input"
        >
          <span
            class="label"
          />
          <textarea
            class="input undefined"
            cols="500"
            data-testid="component-text-area-input"
            id="text-area-input"
            maxlength="500"
            minlength="10"
            name="text-area-input"
            placeholder="Text Area placeholder..."
          />
          
        </label>
      </div>
    </div>
  </body>,
  "container": <div>
    <div
      class="sc-AxjAm sc-AxirZ kOZIao"
      data-form="textarea"
      data-testid="component-text-area-wrapper"
    >
      <label
        class="content"
        data-testid="component-text-area-label"
        for="text-area-input"
      >
        <span
          class="label"
        />
        <textarea
          class="input undefined"
          cols="500"
          data-testid="component-text-area-input"
          id="text-area-input"
          maxlength="500"
          minlength="10"
          name="text-area-input"
          placeholder="Text Area placeholder..."
        />
        
      </label>
    </div>
  </div>,
  "debug": [Function],
  "findAllByAltText": [Function],
  "findAllByDisplayValue": [Function],
  "findAllByLabelText": [Function],
  "findAllByPlaceholderText": [Function],
  "findAllByRole": [Function],
  "findAllByTestId": [Function],
  "findAllByText": [Function],
  "findAllByTitle": [Function],
  "findByAltText": [Function],
  "findByDisplayValue": [Function],
  "findByLabelText": [Function],
  "findByPlaceholderText": [Function],
  "findByRole": [Function],
  "findByTestId": [Function],
  "findByText": [Function],
  "findByTitle": [Function],
  "getAllByAltText": [Function],
  "getAllByDisplayValue": [Function],
  "getAllByLabelText": [Function],
  "getAllByPlaceholderText": [Function],
  "getAllByRole": [Function],
  "getAllByTestId": [Function],
  "getAllByText": [Function],
  "getAllByTitle": [Function],
  "getByAltText": [Function],
  "getByDisplayValue": [Function],
  "getByLabelText": [Function],
  "getByPlaceholderText": [Function],
  "getByRole": [Function],
  "getByTestId": [Function],
  "getByText": [Function],
  "getByTitle": [Function],
  "queryAllByAltText": [Function],
  "queryAllByDisplayValue": [Function],
  "queryAllByLabelText": [Function],
  "queryAllByPlaceholderText": [Function],
  "queryAllByRole": [Function],
  "queryAllByTestId": [Function],
  "queryAllByText": [Function],
  "queryAllByTitle": [Function],
  "queryByAltText": [Function],
  "queryByDisplayValue": [Function],
  "queryByLabelText": [Function],
  "queryByPlaceholderText": [Function],
  "queryByRole": [Function],
  "queryByTestId": [Function],
  "queryByText": [Function],
  "queryByTitle": [Function],
  "rerender": [Function],
  "unmount": [Function],
}
`;
