// Jest Snapshot v1, https://goo.gl/fbAQLP

exports[`<TextInput /> should render without errors 1`] = `
Object {
  "asFragment": [Function],
  "baseElement": <body>
    <div>
      <div
        class="sc-AxjAm cktUFz"
        data-form="input"
        data-testid="component-text-wrapper"
      >
        <label
          aria-labelledby="-text-input-id"
          class="content"
          data-testid="component-text-label"
          for="text-input-id"
        >
          <span
            class="label"
            id="-text-input-id"
          />
          <input
            class="input undefined"
            data-testid="component-text-input"
            id="text-input-id"
            maxlength="50"
            minlength="3"
            name="text-input-id"
            placeholder="text-input-placeholder"
            type="text"
            value=""
          />
          <p
            class="helper"
            data-testid="component-text-helper"
          />
        </label>
      </div>
    </div>
  </body>,
  "container": <div>
    <div
      class="sc-AxjAm cktUFz"
      data-form="input"
      data-testid="component-text-wrapper"
    >
      <label
        aria-labelledby="-text-input-id"
        class="content"
        data-testid="component-text-label"
        for="text-input-id"
      >
        <span
          class="label"
          id="-text-input-id"
        />
        <input
          class="input undefined"
          data-testid="component-text-input"
          id="text-input-id"
          maxlength="50"
          minlength="3"
          name="text-input-id"
          placeholder="text-input-placeholder"
          type="text"
          value=""
        />
        <p
          class="helper"
          data-testid="component-text-helper"
        />
      </label>
    </div>
  </div>,
  "debug": [Function],
  "findAllByAltText": [Function],
  "findAllByDisplayValue": [Function],
  "findAllByLabelText": [Function],
  "findAllByPlaceholderText": [Function],
  "findAllByRole": [Function],
  "findAllByTestId": [Function],
  "findAllByText": [Function],
  "findAllByTitle": [Function],
  "findByAltText": [Function],
  "findByDisplayValue": [Function],
  "findByLabelText": [Function],
  "findByPlaceholderText": [Function],
  "findByRole": [Function],
  "findByTestId": [Function],
  "findByText": [Function],
  "findByTitle": [Function],
  "getAllByAltText": [Function],
  "getAllByDisplayValue": [Function],
  "getAllByLabelText": [Function],
  "getAllByPlaceholderText": [Function],
  "getAllByRole": [Function],
  "getAllByTestId": [Function],
  "getAllByText": [Function],
  "getAllByTitle": [Function],
  "getByAltText": [Function],
  "getByDisplayValue": [Function],
  "getByLabelText": [Function],
  "getByPlaceholderText": [Function],
  "getByRole": [Function],
  "getByTestId": [Function],
  "getByText": [Function],
  "getByTitle": [Function],
  "queryAllByAltText": [Function],
  "queryAllByDisplayValue": [Function],
  "queryAllByLabelText": [Function],
  "queryAllByPlaceholderText": [Function],
  "queryAllByRole": [Function],
  "queryAllByTestId": [Function],
  "queryAllByText": [Function],
  "queryAllByTitle": [Function],
  "queryByAltText": [Function],
  "queryByDisplayValue": [Function],
  "queryByLabelText": [Function],
  "queryByPlaceholderText": [Function],
  "queryByRole": [Function],
  "queryByTestId": [Function],
  "queryByText": [Function],
  "queryByTitle": [Function],
  "rerender": [Function],
  "unmount": [Function],
}
`;
