// Jest Snapshot v1, https://goo.gl/fbAQLP

exports[`<PageTitle> should render a title and a subtitle: subtitle 1`] = `
<h2
  class="sc-AxiKw eaRcaI"
  data-testid="subtitle"
  style="opacity: 0; transform: translate3d(0, 1rem, 0);"
  tabindex="0"
>
  subtitle
</h2>
`;

exports[`<PageTitle> should render without error 1`] = `
Object {
  "asFragment": [Function],
  "baseElement": <body>
    <div>
      <section
        class="sc-AxjAm kHCYAy layout__container layout__container layout__section utilities--above-the-fold"
      >
        <div
          class="sc-AxirZ gVtcha layout__row parallax"
          data-testid="row"
        >
          <h1
            class="sc-AxhCb gvVZKr"
            data-testid="title"
            style="opacity: 0; transform: translate3d(0, 1rem, 0);"
          />
          <h2
            class="sc-AxiKw eaRcaI"
            data-testid="subtitle"
            style="opacity: 0; transform: translate3d(0, 1rem, 0);"
            tabindex="0"
          />
        </div>
      </section>
    </div>
  </body>,
  "container": <div>
    <section
      class="sc-AxjAm kHCYAy layout__container layout__container layout__section utilities--above-the-fold"
    >
      <div
        class="sc-AxirZ gVtcha layout__row parallax"
        data-testid="row"
      >
        <h1
          class="sc-AxhCb gvVZKr"
          data-testid="title"
          style="opacity: 0; transform: translate3d(0, 1rem, 0);"
        />
        <h2
          class="sc-AxiKw eaRcaI"
          data-testid="subtitle"
          style="opacity: 0; transform: translate3d(0, 1rem, 0);"
          tabindex="0"
        />
      </div>
    </section>
  </div>,
  "debug": [Function],
  "findAllByAltText": [Function],
  "findAllByDisplayValue": [Function],
  "findAllByLabelText": [Function],
  "findAllByPlaceholderText": [Function],
  "findAllByRole": [Function],
  "findAllByTestId": [Function],
  "findAllByText": [Function],
  "findAllByTitle": [Function],
  "findByAltText": [Function],
  "findByDisplayValue": [Function],
  "findByLabelText": [Function],
  "findByPlaceholderText": [Function],
  "findByRole": [Function],
  "findByTestId": [Function],
  "findByText": [Function],
  "findByTitle": [Function],
  "getAllByAltText": [Function],
  "getAllByDisplayValue": [Function],
  "getAllByLabelText": [Function],
  "getAllByPlaceholderText": [Function],
  "getAllByRole": [Function],
  "getAllByTestId": [Function],
  "getAllByText": [Function],
  "getAllByTitle": [Function],
  "getByAltText": [Function],
  "getByDisplayValue": [Function],
  "getByLabelText": [Function],
  "getByPlaceholderText": [Function],
  "getByRole": [Function],
  "getByTestId": [Function],
  "getByText": [Function],
  "getByTitle": [Function],
  "queryAllByAltText": [Function],
  "queryAllByDisplayValue": [Function],
  "queryAllByLabelText": [Function],
  "queryAllByPlaceholderText": [Function],
  "queryAllByRole": [Function],
  "queryAllByTestId": [Function],
  "queryAllByText": [Function],
  "queryAllByTitle": [Function],
  "queryByAltText": [Function],
  "queryByDisplayValue": [Function],
  "queryByLabelText": [Function],
  "queryByPlaceholderText": [Function],
  "queryByRole": [Function],
  "queryByTestId": [Function],
  "queryByText": [Function],
  "queryByTitle": [Function],
  "rerender": [Function],
  "unmount": [Function],
}
`;
